## Footprint report - date 2026-05-05T14:32:08-0400
## Printed by KiCad version 9.99.0-4247-g42f93c0d15
## Unit = mm, Angle = deg.

$BeginDESCRIPTION

$BOARD
upper_left_corner 141.500000 86.675000
$EndBOARD

$MODULE D1
reference D1
value LED_SK6812MINI
footprint ScottoKeebs_Components:LED_SK6812MINI
attribut none
position 152.940000 120.900000  orientation 0.00
layer front
$PAD "1"
Shape Roundrect Layer front
position  2.700000 -0.750000 size  1.400000  0.820000 orientation 0.00
drill  0.000000
shape_offset  0.000000  0.000000
$EndPAD
$PAD "2"
Shape Roundrect Layer front
position  2.700000  0.750000 size  1.400000  0.820000 orientation 0.00
drill  0.000000
shape_offset  0.000000  0.000000
$EndPAD
$PAD "3"
Shape Roundrect Layer front
position -2.700000  0.750000 size  1.400000  0.820000 orientation 0.00
drill  0.000000
shape_offset  0.000000  0.000000
$EndPAD
$PAD "4"
Shape Roundrect Layer front
position -2.700000 -0.750000 size  1.400000  0.820000 orientation 0.00
drill  0.000000
shape_offset  0.000000  0.000000
$EndPAD
$EndMODULE D1

$MODULE D2
reference D2
value ~
footprint ScottoKeebs_Components:Diode_DO-35
attribut none
position 162.475000 118.785000  orientation 90.00
layer front
$PAD "1"
Shape Rect Layer both
position  0.000000  0.000000 size  1.600000  1.600000 orientation 90.00
drill  0.800000
shape_offset  0.000000  0.000000
$EndPAD
$PAD "2"
Shape Oval Layer both
position  7.620000  0.000000 size  1.600000  1.600000 orientation 90.00
drill  0.800000
shape_offset  0.000000  0.000000
$EndPAD
$EndMODULE D2

$MODULE D3
reference D3
value ~
footprint ScottoKeebs_Components:Diode_DO-35
attribut none
position 181.525000 118.785000  orientation 90.00
layer front
$PAD "1"
Shape Rect Layer both
position  0.000000  0.000000 size  1.600000  1.600000 orientation 90.00
drill  0.800000
shape_offset  0.000000  0.000000
$EndPAD
$PAD "2"
Shape Oval Layer both
position  7.620000  0.000000 size  1.600000  1.600000 orientation 90.00
drill  0.800000
shape_offset  0.000000  0.000000
$EndPAD
$EndMODULE D3

$MODULE D4
reference D4
value ~
footprint ScottoKeebs_Components:Diode_DO-35
attribut none
position 200.575000 118.785000  orientation 90.00
layer front
$PAD "1"
Shape Rect Layer both
position  0.000000  0.000000 size  1.600000  1.600000 orientation 90.00
drill  0.800000
shape_offset  0.000000  0.000000
$EndPAD
$PAD "2"
Shape Oval Layer both
position  7.620000  0.000000 size  1.600000  1.600000 orientation 90.00
drill  0.800000
shape_offset  0.000000  0.000000
$EndPAD
$EndMODULE D4

$MODULE D5
reference D5
value ~
footprint ScottoKeebs_Components:Diode_DO-35
attribut none
position 162.475000 138.695000  orientation 90.00
layer front
$PAD "1"
Shape Rect Layer both
position  0.000000  0.000000 size  1.600000  1.600000 orientation 90.00
drill  0.800000
shape_offset  0.000000  0.000000
$EndPAD
$PAD "2"
Shape Oval Layer both
position  7.620000  0.000000 size  1.600000  1.600000 orientation 90.00
drill  0.800000
shape_offset  0.000000  0.000000
$EndPAD
$EndMODULE D5

$MODULE D6
reference D6
value ~
footprint ScottoKeebs_Components:Diode_DO-35
attribut none
position 181.525000 138.695000  orientation 90.00
layer front
$PAD "1"
Shape Rect Layer both
position  0.000000  0.000000 size  1.600000  1.600000 orientation 90.00
drill  0.800000
shape_offset  0.000000  0.000000
$EndPAD
$PAD "2"
Shape Oval Layer both
position  7.620000  0.000000 size  1.600000  1.600000 orientation 90.00
drill  0.800000
shape_offset  0.000000  0.000000
$EndPAD
$EndMODULE D6

$MODULE D7
reference D7
value ~
footprint ScottoKeebs_Components:Diode_DO-35
attribut none
position 200.575000 138.695000  orientation 90.00
layer front
$PAD "1"
Shape Rect Layer both
position  0.000000  0.000000 size  1.600000  1.600000 orientation 90.00
drill  0.800000
shape_offset  0.000000  0.000000
$EndPAD
$PAD "2"
Shape Oval Layer both
position  7.620000  0.000000 size  1.600000  1.600000 orientation 90.00
drill  0.800000
shape_offset  0.000000  0.000000
$EndPAD
$EndMODULE D7

$MODULE J1
reference J1
value OLED_128x32
footprint ScottoKeebs_Components:OLED_128x32
attribut none
position 143.400000 91.305000  orientation 0.00
layer front
$PAD "1"
Shape Rect Layer both
position  1.600000  9.800000 size  1.700000  1.700000 orientation 180.00
drill  1.000000
shape_offset  0.000000  0.000000
$EndPAD
$PAD "2"
Shape Oval Layer both
position  1.600000  7.260000 size  1.700000  1.700000 orientation 180.00
drill  1.000000
shape_offset  0.000000  0.000000
$EndPAD
$PAD "3"
Shape Oval Layer both
position  1.600000  4.720000 size  1.700000  1.700000 orientation 180.00
drill  1.000000
shape_offset  0.000000  0.000000
$EndPAD
$PAD "4"
Shape Oval Layer both
position  1.600000  2.180000 size  1.700000  1.700000 orientation 180.00
drill  1.000000
shape_offset  0.000000  0.000000
$EndPAD
$EndMODULE J1

$MODULE S1
reference S1
value ~
footprint ScottoKeebs_MX:MX_PCB_1.00u
attribut none
position 152.945000 116.190000  orientation 0.00
layer front
$PAD ""
Shape Circle Layer both
position -5.080000  0.000000 size  1.750000  1.750000 orientation 0.00
drill  1.750000
shape_offset  0.000000  0.000000
$EndPAD
$PAD ""
Shape Circle Layer both
position  0.000000  0.000000 size  4.000000  4.000000 orientation 0.00
drill  4.000000
shape_offset  0.000000  0.000000
$EndPAD
$PAD ""
Shape Circle Layer both
position  5.080000  0.000000 size  1.750000  1.750000 orientation 0.00
drill  1.750000
shape_offset  0.000000  0.000000
$EndPAD
$PAD "1"
Shape Circle Layer both
position -3.810000 -2.540000 size  2.500000  2.500000 orientation 0.00
drill  1.500000
shape_offset  0.000000  0.000000
$EndPAD
$PAD "2"
Shape Circle Layer both
position  2.540000 -5.080000 size  2.500000  2.500000 orientation 0.00
drill  1.500000
shape_offset  0.000000  0.000000
$EndPAD
$EndMODULE S1

$MODULE S2
reference S2
value ~
footprint ScottoKeebs_MX:MX_PCB_1.00u
attribut none
position 171.995000 116.190000  orientation 0.00
layer front
$PAD ""
Shape Circle Layer both
position -5.080000  0.000000 size  1.750000  1.750000 orientation 0.00
drill  1.750000
shape_offset  0.000000  0.000000
$EndPAD
$PAD ""
Shape Circle Layer both
position  0.000000  0.000000 size  4.000000  4.000000 orientation 0.00
drill  4.000000
shape_offset  0.000000  0.000000
$EndPAD
$PAD ""
Shape Circle Layer both
position  5.080000  0.000000 size  1.750000  1.750000 orientation 0.00
drill  1.750000
shape_offset  0.000000  0.000000
$EndPAD
$PAD "1"
Shape Circle Layer both
position -3.810000 -2.540000 size  2.500000  2.500000 orientation 0.00
drill  1.500000
shape_offset  0.000000  0.000000
$EndPAD
$PAD "2"
Shape Circle Layer both
position  2.540000 -5.080000 size  2.500000  2.500000 orientation 0.00
drill  1.500000
shape_offset  0.000000  0.000000
$EndPAD
$EndMODULE S2

$MODULE S3
reference S3
value ~
footprint ScottoKeebs_MX:MX_PCB_1.00u
attribut none
position 191.045000 116.180000  orientation 0.00
layer front
$PAD ""
Shape Circle Layer both
position -5.080000  0.000000 size  1.750000  1.750000 orientation 0.00
drill  1.750000
shape_offset  0.000000  0.000000
$EndPAD
$PAD ""
Shape Circle Layer both
position  0.000000  0.000000 size  4.000000  4.000000 orientation 0.00
drill  4.000000
shape_offset  0.000000  0.000000
$EndPAD
$PAD ""
Shape Circle Layer both
position  5.080000  0.000000 size  1.750000  1.750000 orientation 0.00
drill  1.750000
shape_offset  0.000000  0.000000
$EndPAD
$PAD "1"
Shape Circle Layer both
position -3.810000 -2.540000 size  2.500000  2.500000 orientation 0.00
drill  1.500000
shape_offset  0.000000  0.000000
$EndPAD
$PAD "2"
Shape Circle Layer both
position  2.540000 -5.080000 size  2.500000  2.500000 orientation 0.00
drill  1.500000
shape_offset  0.000000  0.000000
$EndPAD
$EndMODULE S3

$MODULE S4
reference S4
value ~
footprint ScottoKeebs_MX:MX_PCB_1.00u
attribut none
position 152.945000 136.100000  orientation 0.00
layer front
$PAD ""
Shape Circle Layer both
position -5.080000  0.000000 size  1.750000  1.750000 orientation 0.00
drill  1.750000
shape_offset  0.000000  0.000000
$EndPAD
$PAD ""
Shape Circle Layer both
position  0.000000  0.000000 size  4.000000  4.000000 orientation 0.00
drill  4.000000
shape_offset  0.000000  0.000000
$EndPAD
$PAD ""
Shape Circle Layer both
position  5.080000  0.000000 size  1.750000  1.750000 orientation 0.00
drill  1.750000
shape_offset  0.000000  0.000000
$EndPAD
$PAD "1"
Shape Circle Layer both
position -3.810000 -2.540000 size  2.500000  2.500000 orientation 0.00
drill  1.500000
shape_offset  0.000000  0.000000
$EndPAD
$PAD "2"
Shape Circle Layer both
position  2.540000 -5.080000 size  2.500000  2.500000 orientation 0.00
drill  1.500000
shape_offset  0.000000  0.000000
$EndPAD
$EndMODULE S4

$MODULE S5
reference S5
value ~
footprint ScottoKeebs_MX:MX_PCB_1.00u
attribut none
position 171.995000 136.100000  orientation 0.00
layer front
$PAD ""
Shape Circle Layer both
position -5.080000  0.000000 size  1.750000  1.750000 orientation 0.00
drill  1.750000
shape_offset  0.000000  0.000000
$EndPAD
$PAD ""
Shape Circle Layer both
position  0.000000  0.000000 size  4.000000  4.000000 orientation 0.00
drill  4.000000
shape_offset  0.000000  0.000000
$EndPAD
$PAD ""
Shape Circle Layer both
position  5.080000  0.000000 size  1.750000  1.750000 orientation 0.00
drill  1.750000
shape_offset  0.000000  0.000000
$EndPAD
$PAD "1"
Shape Circle Layer both
position -3.810000 -2.540000 size  2.500000  2.500000 orientation 0.00
drill  1.500000
shape_offset  0.000000  0.000000
$EndPAD
$PAD "2"
Shape Circle Layer both
position  2.540000 -5.080000 size  2.500000  2.500000 orientation 0.00
drill  1.500000
shape_offset  0.000000  0.000000
$EndPAD
$EndMODULE S5

$MODULE S6
reference S6
value ~
footprint ScottoKeebs_MX:MX_PCB_1.00u
attribut none
position 191.045000 136.100000  orientation 0.00
layer front
$PAD ""
Shape Circle Layer both
position -5.080000  0.000000 size  1.750000  1.750000 orientation 0.00
drill  1.750000
shape_offset  0.000000  0.000000
$EndPAD
$PAD ""
Shape Circle Layer both
position  0.000000  0.000000 size  4.000000  4.000000 orientation 0.00
drill  4.000000
shape_offset  0.000000  0.000000
$EndPAD
$PAD ""
Shape Circle Layer both
position  5.080000  0.000000 size  1.750000  1.750000 orientation 0.00
drill  1.750000
shape_offset  0.000000  0.000000
$EndPAD
$PAD "1"
Shape Circle Layer both
position -3.810000 -2.540000 size  2.500000  2.500000 orientation 0.00
drill  1.500000
shape_offset  0.000000  0.000000
$EndPAD
$PAD "2"
Shape Circle Layer both
position  2.540000 -5.080000 size  2.500000  2.500000 orientation 0.00
drill  1.500000
shape_offset  0.000000  0.000000
$EndPAD
$EndMODULE S6

$MODULE U1
reference U1
value MOUDLE-SEEEDUINO-XIAO
footprint footprints:XIAO-Generic-Hybrid-14P-2.54-21X17.8MM
attribut smd
position 191.225000 97.875000  orientation 90.00
layer front
$PAD "1"
Shape Rect Layer both
position -7.625000 -7.620000 size  3.500000  1.700000 orientation 90.00
drill  1.000000
shape_offset -1.000000  0.000000
$EndPAD
$PAD "2"
Shape Oval Layer both
position -7.625000 -5.080000 size  3.600000  1.700000 orientation 90.00
drill  1.000000
shape_offset -1.000000  0.000000
$EndPAD
$PAD "3"
Shape Oval Layer both
position -7.625000 -2.540000 size  3.600000  1.700000 orientation 90.00
drill  1.000000
shape_offset -1.000000  0.000000
$EndPAD
$PAD "4"
Shape Oval Layer both
position -7.625000  0.000000 size  3.600000  1.700000 orientation 90.00
drill  1.000000
shape_offset -1.000000  0.000000
$EndPAD
$PAD "5"
Shape Oval Layer both
position -7.625000  2.540000 size  3.600000  1.700000 orientation 90.00
drill  1.000000
shape_offset -1.000000  0.000000
$EndPAD
$PAD "6"
Shape Oval Layer both
position -7.625000  5.080000 size  3.600000  1.700000 orientation 270.00
drill  1.000000
shape_offset  1.000000  0.000000
$EndPAD
$PAD "7"
Shape Oval Layer both
position -7.625000  7.620000 size  3.600000  1.700000 orientation 90.00
drill  1.000000
shape_offset -1.000000  0.000000
$EndPAD
$PAD "8"
Shape Oval Layer both
position  7.625000  7.620000 size  3.600000  1.700000 orientation 90.00
drill  1.000000
shape_offset  1.000000  0.000000
$EndPAD
$PAD "9"
Shape Oval Layer both
position  7.625000  5.080000 size  3.600000  1.700000 orientation 90.00
drill  1.000000
shape_offset  1.000000  0.000000
$EndPAD
$PAD "10"
Shape Oval Layer both
position  7.625000  2.540000 size  3.600000  1.700000 orientation 90.00
drill  1.000000
shape_offset  1.000000  0.000000
$EndPAD
$PAD "11"
Shape Oval Layer both
position  7.625000  0.000000 size  3.700000  1.700000 orientation 90.00
drill  1.000000
shape_offset  1.000000  0.000000
$EndPAD
$PAD "12"
Shape Oval Layer both
position  7.625000 -2.540000 size  3.700000  1.700000 orientation 90.00
drill  1.000000
shape_offset  1.000000  0.000000
$EndPAD
$PAD "13"
Shape Oval Layer both
position  7.625000 -5.080000 size  3.700000  1.700000 orientation 90.00
drill  1.000000
shape_offset  1.000000  0.000000
$EndPAD
$PAD "14"
Shape Oval Layer both
position  7.625000 -7.620000 size  3.700000  1.700000 orientation 90.00
drill  1.000000
shape_offset  1.000000  0.000000
$EndPAD
$EndMODULE U1

$EndDESCRIPTION
